[0m07:13:31.378181 [debug] [MainThread]: Sending event: {'category': 'dbt', 'action': 'invocation', 'label': 'start', 'context': [<snowplow_tracker.self_describing_json.SelfDescribingJson object at 0xffff89dbec60>, <snowplow_tracker.self_describing_json.SelfDescribingJson object at 0xffff89dbefc0>, <snowplow_tracker.self_describing_json.SelfDescribingJson object at 0xffff89dbed20>]}


============================== 07:13:31.380579 | 556ca31b-d55d-48f2-926a-7ca69325ccce ==============================
[0m07:13:31.380579 [info ] [MainThread]: Running with dbt=1.12.0
[0m07:13:31.381039 [debug] [MainThread]: running dbt with arguments {'fail_fast': 'False', 'maximum_seed_size_mib': '1', 'invocation_command': 'dbt debug', 'use_colors': 'True', 'introspect': 'True', 'debug': 'False', 'indirect_selection': 'eager', 'warn_error': 'None', 'cache_selected_only': 'False', 'hints_enabled': 'True', 'log_path': '/app/dbt/teratai/logs', 'empty': 'None', 'log_cache_events': 'False', 'send_anonymous_usage_stats': 'True', 'log_format': 'default', 'write_json': 'True', 'warn_error_options': 'WarnErrorOptionsV2(error=[], warn=[], silence=[])', 'use_experimental_parser': 'False', 'target_path': 'None', 'quiet': 'False', 'static_parser': 'True', 'profiles_dir': '/app/dbt/teratai', 'version_check': 'True', 'no_print': 'None', 'partial_parse': 'True', 'printer_width': '80'}
[0m07:13:31.386761 [info ] [MainThread]: dbt version: 1.12.0
[0m07:13:31.387045 [info ] [MainThread]: python version: 3.12.13
[0m07:13:31.387361 [info ] [MainThread]: python path: /usr/local/bin/python3.12
[0m07:13:31.387583 [info ] [MainThread]: os info: Linux-6.12.76-linuxkit-aarch64-with-glibc2.41
[0m07:13:31.388323 [error] [MainThread]: [[31mERROR[0m]: Encountered an error:
Runtime Error
  Syntax error near line 36
  ------------------------------
  33 |         spark.driver.memory: "2g"
  34 | 
  35 | pakai duckb
  
  Raw Error:
  ------------------------------
  while scanning a simple key
    in "<unicode string>", line 35, column 1
  could not find expected ':'
    in "<unicode string>", line 36, column 1
[0m07:13:31.388982 [debug] [MainThread]: Resource report: {"command_name": "debug", "command_success": false, "command_wall_clock_time": 0.01605875, "process_in_blocks": "0", "process_kernel_time": 0.145748, "process_mem_max_rss": "109540", "process_out_blocks": "4", "process_user_time": 0.656867}
[0m07:13:31.389397 [debug] [MainThread]: Command `dbt debug` failed at 07:13:31.389330 after 0.02 seconds
[0m07:13:31.389638 [debug] [MainThread]: Sending event: {'category': 'dbt', 'action': 'invocation', 'label': 'end', 'context': [<snowplow_tracker.self_describing_json.SelfDescribingJson object at 0xffff89dbed80>, <snowplow_tracker.self_describing_json.SelfDescribingJson object at 0xffff89e40b90>, <snowplow_tracker.self_describing_json.SelfDescribingJson object at 0xffff89e40f20>]}
[0m07:13:31.389849 [debug] [MainThread]: Flushing usage events
[0m07:13:32.726692 [debug] [MainThread]: An error was encountered while trying to flush usage events
[0m07:19:41.880628 [debug] [MainThread]: Sending event: {'category': 'dbt', 'action': 'invocation', 'label': 'start', 'context': [<snowplow_tracker.self_describing_json.SelfDescribingJson object at 0xffff822723c0>, <snowplow_tracker.self_describing_json.SelfDescribingJson object at 0xffff8101bed0>, <snowplow_tracker.self_describing_json.SelfDescribingJson object at 0xffff8101b9d0>]}


============================== 07:19:41.882838 | 7d1073b2-dc0b-419f-82d5-a47d02d64990 ==============================
[0m07:19:41.882838 [info ] [MainThread]: Running with dbt=1.12.0
[0m07:19:41.883153 [debug] [MainThread]: running dbt with arguments {'static_parser': 'True', 'send_anonymous_usage_stats': 'True', 'use_colors': 'True', 'version_check': 'True', 'introspect': 'True', 'maximum_seed_size_mib': '1', 'indirect_selection': 'eager', 'partial_parse': 'True', 'empty': 'None', 'warn_error_options': 'WarnErrorOptionsV2(error=[], warn=[], silence=[])', 'log_format': 'default', 'warn_error': 'None', 'target_path': 'None', 'printer_width': '80', 'use_experimental_parser': 'False', 'log_cache_events': 'False', 'hints_enabled': 'True', 'write_json': 'True', 'invocation_command': 'dbt deps', 'cache_selected_only': 'False', 'quiet': 'False', 'profiles_dir': '/app/dbt/teratai', 'fail_fast': 'False', 'no_print': 'None', 'log_path': '/app/dbt/teratai/logs', 'debug': 'False'}
[0m07:19:41.916326 [error] [MainThread]: [[31mERROR[0m]: Encountered an error:
Runtime Error
  at path []: Additional properties are not allowed ('macros-paths' was unexpected)

Error encountered in /app/dbt/teratai/dbt_project.yml
[0m07:19:41.917038 [debug] [MainThread]: Resource report: {"command_name": "deps", "command_success": false, "command_wall_clock_time": 0.07367804, "process_in_blocks": "0", "process_kernel_time": 0.14138, "process_mem_max_rss": "112716", "process_out_blocks": "3", "process_user_time": 0.727958}
[0m07:19:41.917401 [debug] [MainThread]: Command `dbt deps` failed at 07:19:41.917329 after 0.07 seconds
[0m07:19:41.917639 [debug] [MainThread]: Sending event: {'category': 'dbt', 'action': 'invocation', 'label': 'end', 'context': [<snowplow_tracker.self_describing_json.SelfDescribingJson object at 0xffff80d75480>, <snowplow_tracker.self_describing_json.SelfDescribingJson object at 0xffff80d9da30>, <snowplow_tracker.self_describing_json.SelfDescribingJson object at 0xffff80d61e10>]}
[0m07:19:41.917904 [debug] [MainThread]: Flushing usage events
[0m07:19:43.249478 [debug] [MainThread]: An error was encountered while trying to flush usage events
[0m07:20:29.260298 [debug] [MainThread]: Sending event: {'category': 'dbt', 'action': 'invocation', 'label': 'start', 'context': [<snowplow_tracker.self_describing_json.SelfDescribingJson object at 0xffff919923c0>, <snowplow_tracker.self_describing_json.SelfDescribingJson object at 0xffff9073bed0>, <snowplow_tracker.self_describing_json.SelfDescribingJson object at 0xffff9073b9d0>]}


============================== 07:20:29.262089 | 8b280f22-ccfc-424b-8086-80f2c8d1f734 ==============================
[0m07:20:29.262089 [info ] [MainThread]: Running with dbt=1.12.0
[0m07:20:29.262551 [debug] [MainThread]: running dbt with arguments {'profiles_dir': './dbt/teratai', 'cache_selected_only': 'False', 'log_format': 'default', 'partial_parse': 'True', 'indirect_selection': 'eager', 'static_parser': 'True', 'no_print': 'None', 'hints_enabled': 'True', 'quiet': 'False', 'fail_fast': 'False', 'log_cache_events': 'False', 'maximum_seed_size_mib': '1', 'target_path': 'None', 'warn_error_options': 'WarnErrorOptionsV2(error=[], warn=[], silence=[])', 'warn_error': 'None', 'printer_width': '80', 'use_experimental_parser': 'False', 'debug': 'False', 'introspect': 'True', 'log_path': '/app/dbt/teratai/logs', 'use_colors': 'True', 'invocation_command': 'dbt debug --profiles-dir ./dbt/teratai', 'send_anonymous_usage_stats': 'True', 'empty': 'None', 'write_json': 'True', 'version_check': 'True'}
[0m07:20:29.268255 [info ] [MainThread]: dbt version: 1.12.0
[0m07:20:29.268575 [info ] [MainThread]: python version: 3.13.13
[0m07:20:29.268893 [info ] [MainThread]: python path: /usr/local/bin/python3.13
[0m07:20:29.269198 [info ] [MainThread]: os info: Linux-6.12.76-linuxkit-aarch64-with-glibc2.41
[0m07:20:29.304896 [debug] [MainThread]: Spark adapter: Setting pyhive.hive logging to ERROR
[0m07:20:29.305244 [debug] [MainThread]: Spark adapter: Setting thrift.transport logging to ERROR
[0m07:20:29.305457 [debug] [MainThread]: Spark adapter: Setting thrift.protocol logging to ERROR
[0m07:20:29.324905 [info ] [MainThread]: Using profiles dir at ./dbt/teratai
[0m07:20:29.325284 [info ] [MainThread]: Using profiles.yml file at ./dbt/teratai/profiles.yml
[0m07:20:29.325707 [info ] [MainThread]: Using dbt_project.yml file at /app/dbt/teratai/dbt_project.yml
[0m07:20:29.326111 [info ] [MainThread]: adapter type: spark
[0m07:20:29.326437 [info ] [MainThread]: adapter version: 1.11.0
[0m07:20:29.387348 [info ] [MainThread]: Configuration:
[0m07:20:29.387732 [info ] [MainThread]:   profiles.yml file [[32mOK found and valid[0m]
[0m07:20:29.388203 [info ] [MainThread]:   dbt_project.yml file [[31mERROR invalid[0m]
[0m07:20:29.388618 [info ] [MainThread]: Required dependencies:
[0m07:20:29.389105 [debug] [MainThread]: Executing "git --help"
[0m07:20:29.392346 [debug] [MainThread]: STDOUT: "b"usage: git [-v | --version] [-h | --help] [-C <path>] [-c <name>=<value>]\n           [--exec-path[=<path>]] [--html-path] [--man-path] [--info-path]\n           [-p | --paginate | -P | --no-pager] [--no-replace-objects] [--no-lazy-fetch]\n           [--no-optional-locks] [--no-advice] [--bare] [--git-dir=<path>]\n           [--work-tree=<path>] [--namespace=<name>] [--config-env=<name>=<envvar>]\n           <command> [<args>]\n\nThese are common Git commands used in various situations:\n\nstart a working area (see also: git help tutorial)\n   clone     Clone a repository into a new directory\n   init      Create an empty Git repository or reinitialize an existing one\n\nwork on the current change (see also: git help everyday)\n   add       Add file contents to the index\n   mv        Move or rename a file, a directory, or a symlink\n   restore   Restore working tree files\n   rm        Remove files from the working tree and from the index\n\nexamine the history and state (see also: git help revisions)\n   bisect    Use binary search to find the commit that introduced a bug\n   diff      Show changes between commits, commit and working tree, etc\n   grep      Print lines matching a pattern\n   log       Show commit logs\n   show      Show various types of objects\n   status    Show the working tree status\n\ngrow, mark and tweak your common history\n   branch    List, create, or delete branches\n   commit    Record changes to the repository\n   merge     Join two or more development histories together\n   rebase    Reapply commits on top of another base tip\n   reset     Reset current HEAD to the specified state\n   switch    Switch branches\n   tag       Create, list, delete or verify a tag object signed with GPG\n\ncollaborate (see also: git help workflows)\n   fetch     Download objects and refs from another repository\n   pull      Fetch from and integrate with another repository or a local branch\n   push      Update remote refs along with associated objects\n\n'git help -a' and 'git help -g' list available subcommands and some\nconcept guides. See 'git help <command>' or 'git help <concept>'\nto read about a specific subcommand or concept.\nSee 'git help git' for an overview of the system.\n""
[0m07:20:29.392676 [debug] [MainThread]: STDERR: "b''"
[0m07:20:29.392910 [info ] [MainThread]:  - git [[32mOK found[0m]

[0m07:20:29.393144 [info ] [MainThread]: Connection:
[0m07:20:29.393523 [info ] [MainThread]:   host: spark-thrift
[0m07:20:29.393768 [info ] [MainThread]:   port: 10000
[0m07:20:29.394028 [info ] [MainThread]:   cluster: None
[0m07:20:29.394334 [info ] [MainThread]:   endpoint: None
[0m07:20:29.394596 [info ] [MainThread]:   schema: default
[0m07:20:29.394845 [info ] [MainThread]:   organization: 0
[0m07:20:29.395336 [info ] [MainThread]: Registered adapter: spark=1.11.0
[0m07:20:29.431915 [debug] [MainThread]: Acquiring new spark connection 'debug'
[0m07:20:29.432259 [debug] [MainThread]: Using spark connection "debug"
[0m07:20:29.432486 [debug] [MainThread]: On debug: select 1 as id
[0m07:20:29.432674 [debug] [MainThread]: Opening a new connection, currently in state init
[0m07:20:30.895227 [debug] [MainThread]: Spark adapter: Poll status: 2, query complete
[0m07:20:30.895626 [debug] [MainThread]: SQL status: OK in 1.463 seconds
[0m07:20:30.896290 [debug] [MainThread]: On debug: Close
[0m07:20:30.910893 [info ] [MainThread]:   Connection test: [[32mOK connection ok[0m]

[0m07:20:30.911295 [info ] [MainThread]: [31m1 check failed:[0m
[0m07:20:30.911657 [info ] [MainThread]: Project loading failed for the following reason:
Runtime Error
  at path []: Additional properties are not allowed ('macros-paths' was unexpected)

Error encountered in /app/dbt/teratai/dbt_project.yml


[0m07:20:30.912436 [debug] [MainThread]: Resource report: {"command_name": "debug", "command_success": false, "command_wall_clock_time": 1.6875552, "process_in_blocks": "192", "process_kernel_time": 0.060285, "process_mem_max_rss": "122020", "process_out_blocks": "52", "process_user_time": 0.793753}
[0m07:20:30.912785 [debug] [MainThread]: Command `dbt debug` failed at 07:20:30.912723 after 1.69 seconds
[0m07:20:30.913009 [debug] [MainThread]: Connection 'debug' was properly closed.
[0m07:20:30.913242 [debug] [MainThread]: Sending event: {'category': 'dbt', 'action': 'invocation', 'label': 'end', 'context': [<snowplow_tracker.self_describing_json.SelfDescribingJson object at 0xffff9001c510>, <snowplow_tracker.self_describing_json.SelfDescribingJson object at 0xffff900744d0>, <snowplow_tracker.self_describing_json.SelfDescribingJson object at 0xffff9022d9d0>]}
[0m07:20:30.913555 [debug] [MainThread]: Flushing usage events
[0m07:20:32.253125 [debug] [MainThread]: An error was encountered while trying to flush usage events
[0m07:21:52.186494 [debug] [MainThread]: Sending event: {'category': 'dbt', 'action': 'invocation', 'label': 'start', 'context': [<snowplow_tracker.self_describing_json.SelfDescribingJson object at 0xffffb301e3c0>, <snowplow_tracker.self_describing_json.SelfDescribingJson object at 0xffffb1dc7ed0>, <snowplow_tracker.self_describing_json.SelfDescribingJson object at 0xffffb1dc79d0>]}


============================== 07:21:52.189276 | 9e2baaaf-a517-4b92-9c48-b9aec15565a8 ==============================
[0m07:21:52.189276 [info ] [MainThread]: Running with dbt=1.12.0
[0m07:21:52.189615 [debug] [MainThread]: running dbt with arguments {'introspect': 'True', 'use_colors': 'True', 'send_anonymous_usage_stats': 'True', 'no_print': 'None', 'log_path': '/app/dbt/teratai/logs', 'hints_enabled': 'True', 'target_path': 'None', 'profiles_dir': './dbt/teratai/', 'maximum_seed_size_mib': '1', 'warn_error_options': 'WarnErrorOptionsV2(error=[], warn=[], silence=[])', 'log_cache_events': 'False', 'log_format': 'default', 'indirect_selection': 'eager', 'warn_error': 'None', 'partial_parse': 'True', 'write_json': 'True', 'quiet': 'False', 'invocation_command': 'dbt debug --profiles-dir ./dbt/teratai/', 'empty': 'None', 'version_check': 'True', 'use_experimental_parser': 'False', 'printer_width': '80', 'fail_fast': 'False', 'static_parser': 'True', 'debug': 'False', 'cache_selected_only': 'False'}
[0m07:21:52.194599 [info ] [MainThread]: dbt version: 1.12.0
[0m07:21:52.194904 [info ] [MainThread]: python version: 3.13.13
[0m07:21:52.195204 [info ] [MainThread]: python path: /usr/local/bin/python3.13
[0m07:21:52.195563 [info ] [MainThread]: os info: Linux-6.12.76-linuxkit-aarch64-with-glibc2.41
[0m07:21:52.226385 [debug] [MainThread]: Spark adapter: Setting pyhive.hive logging to ERROR
[0m07:21:52.226716 [debug] [MainThread]: Spark adapter: Setting thrift.transport logging to ERROR
[0m07:21:52.226932 [debug] [MainThread]: Spark adapter: Setting thrift.protocol logging to ERROR
[0m07:21:52.245887 [info ] [MainThread]: Using profiles dir at ./dbt/teratai/
[0m07:21:52.246177 [info ] [MainThread]: Using profiles.yml file at ./dbt/teratai/profiles.yml
[0m07:21:52.246419 [info ] [MainThread]: Using dbt_project.yml file at /app/dbt/teratai/dbt_project.yml
[0m07:21:52.246904 [info ] [MainThread]: adapter type: spark
[0m07:21:52.247187 [info ] [MainThread]: adapter version: 1.11.0
[0m07:21:52.329470 [info ] [MainThread]: Configuration:
[0m07:21:52.329859 [info ] [MainThread]:   profiles.yml file [[32mOK found and valid[0m]
[0m07:21:52.330176 [info ] [MainThread]:   dbt_project.yml file [[32mOK found and valid[0m]
[0m07:21:52.330444 [info ] [MainThread]: Required dependencies:
[0m07:21:52.330922 [debug] [MainThread]: Executing "git --help"
[0m07:21:52.333612 [debug] [MainThread]: STDOUT: "b"usage: git [-v | --version] [-h | --help] [-C <path>] [-c <name>=<value>]\n           [--exec-path[=<path>]] [--html-path] [--man-path] [--info-path]\n           [-p | --paginate | -P | --no-pager] [--no-replace-objects] [--no-lazy-fetch]\n           [--no-optional-locks] [--no-advice] [--bare] [--git-dir=<path>]\n           [--work-tree=<path>] [--namespace=<name>] [--config-env=<name>=<envvar>]\n           <command> [<args>]\n\nThese are common Git commands used in various situations:\n\nstart a working area (see also: git help tutorial)\n   clone     Clone a repository into a new directory\n   init      Create an empty Git repository or reinitialize an existing one\n\nwork on the current change (see also: git help everyday)\n   add       Add file contents to the index\n   mv        Move or rename a file, a directory, or a symlink\n   restore   Restore working tree files\n   rm        Remove files from the working tree and from the index\n\nexamine the history and state (see also: git help revisions)\n   bisect    Use binary search to find the commit that introduced a bug\n   diff      Show changes between commits, commit and working tree, etc\n   grep      Print lines matching a pattern\n   log       Show commit logs\n   show      Show various types of objects\n   status    Show the working tree status\n\ngrow, mark and tweak your common history\n   branch    List, create, or delete branches\n   commit    Record changes to the repository\n   merge     Join two or more development histories together\n   rebase    Reapply commits on top of another base tip\n   reset     Reset current HEAD to the specified state\n   switch    Switch branches\n   tag       Create, list, delete or verify a tag object signed with GPG\n\ncollaborate (see also: git help workflows)\n   fetch     Download objects and refs from another repository\n   pull      Fetch from and integrate with another repository or a local branch\n   push      Update remote refs along with associated objects\n\n'git help -a' and 'git help -g' list available subcommands and some\nconcept guides. See 'git help <command>' or 'git help <concept>'\nto read about a specific subcommand or concept.\nSee 'git help git' for an overview of the system.\n""
[0m07:21:52.333970 [debug] [MainThread]: STDERR: "b''"
[0m07:21:52.334179 [info ] [MainThread]:  - git [[32mOK found[0m]

[0m07:21:52.334379 [info ] [MainThread]: Connection:
[0m07:21:52.334805 [info ] [MainThread]:   host: spark-thrift
[0m07:21:52.335145 [info ] [MainThread]:   port: 10000
[0m07:21:52.335420 [info ] [MainThread]:   cluster: None
[0m07:21:52.335663 [info ] [MainThread]:   endpoint: None
[0m07:21:52.335917 [info ] [MainThread]:   schema: default
[0m07:21:52.336211 [info ] [MainThread]:   organization: 0
[0m07:21:52.336571 [info ] [MainThread]: Registered adapter: spark=1.11.0
[0m07:21:52.359139 [debug] [MainThread]: Acquiring new spark connection 'debug'
[0m07:21:52.359447 [debug] [MainThread]: Using spark connection "debug"
[0m07:21:52.359654 [debug] [MainThread]: On debug: select 1 as id
[0m07:21:52.359871 [debug] [MainThread]: Opening a new connection, currently in state init
[0m07:21:52.878573 [debug] [MainThread]: Spark adapter: Poll status: 2, query complete
[0m07:21:52.879178 [debug] [MainThread]: SQL status: OK in 0.519 seconds
[0m07:21:52.879903 [debug] [MainThread]: On debug: Close
[0m07:21:52.888321 [info ] [MainThread]:   Connection test: [[32mOK connection ok[0m]

[0m07:21:52.888795 [info ] [MainThread]: [32mAll checks passed![0m
[0m07:21:52.889825 [debug] [MainThread]: Resource report: {"command_name": "debug", "command_success": true, "command_wall_clock_time": 0.73713726, "process_in_blocks": "0", "process_kernel_time": 0.075194, "process_mem_max_rss": "122752", "process_out_blocks": "12", "process_user_time": 0.794053}
[0m07:21:52.890208 [debug] [MainThread]: Command `dbt debug` succeeded at 07:21:52.890125 after 0.74 seconds
[0m07:21:52.890492 [debug] [MainThread]: Connection 'debug' was properly closed.
[0m07:21:52.890794 [debug] [MainThread]: Sending event: {'category': 'dbt', 'action': 'invocation', 'label': 'end', 'context': [<snowplow_tracker.self_describing_json.SelfDescribingJson object at 0xffffb2ed8c30>, <snowplow_tracker.self_describing_json.SelfDescribingJson object at 0xffffb16d2b10>, <snowplow_tracker.self_describing_json.SelfDescribingJson object at 0xffffb1685bf0>]}
[0m07:21:52.891113 [debug] [MainThread]: Flushing usage events
[0m07:21:54.265925 [debug] [MainThread]: An error was encountered while trying to flush usage events
[0m07:21:59.867852 [debug] [MainThread]: Sending event: {'category': 'dbt', 'action': 'invocation', 'label': 'start', 'context': [<snowplow_tracker.self_describing_json.SelfDescribingJson object at 0xffff904d23c0>, <snowplow_tracker.self_describing_json.SelfDescribingJson object at 0xffff8f27bed0>, <snowplow_tracker.self_describing_json.SelfDescribingJson object at 0xffff8f27b9d0>]}


============================== 07:21:59.869892 | d51a8e78-0dfc-4ab5-89fc-fb4778b6334c ==============================
[0m07:21:59.869892 [info ] [MainThread]: Running with dbt=1.12.0
[0m07:21:59.870411 [debug] [MainThread]: running dbt with arguments {'empty': 'None', 'log_cache_events': 'False', 'version_check': 'True', 'invocation_command': 'dbt deps', 'target_path': 'None', 'warn_error_options': 'WarnErrorOptionsV2(error=[], warn=[], silence=[])', 'static_parser': 'True', 'hints_enabled': 'True', 'log_format': 'default', 'write_json': 'True', 'indirect_selection': 'eager', 'introspect': 'True', 'send_anonymous_usage_stats': 'True', 'use_experimental_parser': 'False', 'warn_error': 'None', 'quiet': 'False', 'use_colors': 'True', 'debug': 'False', 'log_path': '/app/dbt/teratai/logs', 'printer_width': '80', 'no_print': 'None', 'fail_fast': 'False', 'partial_parse': 'True', 'maximum_seed_size_mib': '1', 'cache_selected_only': 'False', 'profiles_dir': '/app/dbt/teratai'}
[0m07:21:59.934395 [debug] [MainThread]: Sending event: {'category': 'dbt', 'action': 'project_id', 'label': 'd51a8e78-0dfc-4ab5-89fc-fb4778b6334c', 'context': [<snowplow_tracker.self_describing_json.SelfDescribingJson object at 0xffff90228180>]}
[0m07:21:59.942083 [debug] [MainThread]: Set downloads directory='/tmp/dbt-downloads-ptbo5rwf'
[0m07:21:59.942375 [debug] [MainThread]: Making package index registry request: GET https://hub.getdbt.com/api/v1/index.json
[0m07:22:00.160641 [debug] [MainThread]: Response from registry index: GET https://hub.getdbt.com/api/v1/index.json 200
[0m07:22:00.162411 [debug] [MainThread]: Making package registry request: GET https://hub.getdbt.com/api/v1/dbt-labs/dbt_utils.json
[0m07:22:00.307296 [debug] [MainThread]: Response from registry: GET https://hub.getdbt.com/api/v1/dbt-labs/dbt_utils.json 200
[0m07:22:00.323870 [info ] [MainThread]: Updating lock file in file path: /app/dbt/teratai/package-lock.yml
[0m07:22:00.328375 [debug] [MainThread]: Set downloads directory='/tmp/dbt-downloads-wnqhoyq0'
[0m07:22:00.331494 [info ] [MainThread]: Installing dbt-labs/dbt_utils
[0m07:22:01.053328 [info ] [MainThread]: Installed from version 1.1.1
[0m07:22:01.053665 [info ] [MainThread]: Updated version available: 1.4.1
[0m07:22:01.054022 [debug] [MainThread]: Sending event: {'category': 'dbt', 'action': 'package', 'label': 'd51a8e78-0dfc-4ab5-89fc-fb4778b6334c', 'property_': 'install', 'context': [<snowplow_tracker.self_describing_json.SelfDescribingJson object at 0xffff8fbd87c0>, <snowplow_tracker.self_describing_json.SelfDescribingJson object at 0xffff8fbd9040>]}
[0m07:22:01.054357 [info ] [MainThread]: 
[0m07:22:01.054672 [info ] [MainThread]: Updates available for packages: ['dbt-labs/dbt_utils']                 
Update your versions in packages.yml, then run dbt deps
[0m07:22:01.055503 [debug] [MainThread]: Resource report: {"command_name": "deps", "command_success": true, "command_wall_clock_time": 1.221329, "process_in_blocks": "0", "process_kernel_time": 0.077083, "process_mem_max_rss": "116968", "process_out_blocks": "743", "process_user_time": 0.82053}
[0m07:22:01.055895 [debug] [MainThread]: Command `dbt deps` succeeded at 07:22:01.055793 after 1.22 seconds
[0m07:22:01.056159 [debug] [MainThread]: Sending event: {'category': 'dbt', 'action': 'invocation', 'label': 'end', 'context': [<snowplow_tracker.self_describing_json.SelfDescribingJson object at 0xffff8f341650>, <snowplow_tracker.self_describing_json.SelfDescribingJson object at 0xffff8f0ac230>, <snowplow_tracker.self_describing_json.SelfDescribingJson object at 0xffff8f0ac140>]}
[0m07:22:01.056634 [debug] [MainThread]: Flushing usage events
[0m07:22:02.366675 [debug] [MainThread]: An error was encountered while trying to flush usage events
